// Jest Snapshot v1, https://goo.gl/fbAQLP

exports[`LoginScreen - Component should match to snapshot 1`] = `
<div
  className="animate__animated animate__fadeIn animate__faster login-container"
>
  <div
    className="login-container__header"
  >
    <h3
      className="login-container__header__title"
    >
      Login
    </h3>
    <label
      className="login-container__header__subheader"
    >
      Save your daily experiences and track your growth!
    </label>
  </div>
  <button
    className="auth-google"
    onClick={[Function]}
  >
    <img
      alt="google button"
      className="google-icon"
      src="https://upload.wikimedia.org/wikipedia/commons/5/53/Google_%22G%22_Logo.svg"
    />
    <b>
      Sign in with Google
    </b>
  </button>
  <div
    className="auth-separator"
  >
    <span>
      or Sign with Email
    </span>
  </div>
  <form
    onSubmit={[Function]}
    type="submit"
  >
    <div
      className="headers"
    >
      <div
        className="textfield-container"
      >
        <label>
          Email
          <b>
             *
          </b>
        </label>
        <input
          autoComplete="new-password"
          className="input-container"
          name="email"
          onChange={[Function]}
          placeholder="Email"
          type="email"
          value="testaccount@test.com"
        />
      </div>
      <div
        className="textfield-container"
      >
        <label>
          Password
          <b>
             *
          </b>
        </label>
        <input
          className="input-container"
          name="password"
          onChange={[Function]}
          placeholder="Password"
          type="password"
          value="123123"
        />
      </div>
      <button
        className="auth-btn pointer"
        disabled={false}
        onClick={[Function]}
        type="submit"
      >
        <b>
          Login
        </b>
      </button>
    </div>
    <div
      className="footers"
    >
      <label
        className="paragraph"
      >
        <span>
          Not registered yet?
        </span>
        <a
          className="link"
          href="/auth/register"
          onClick={[Function]}
        >
          Create an Account
        </a>
      </label>
    </div>
  </form>
</div>
`;
