// Jest Snapshot v1, https://goo.gl/fbAQLP

exports[`Sidebar - Component should match to snapshot 1`] = `
<aside
  className="journal__sidebar"
>
  <div
    className="journal__sidebar-navbar"
  >
    <h3
      className="mt-5"
    >
      <i
        className="far fa-moon"
      />
      <span>
        Andyman
      </span>
    </h3>
    <button
      className="btn"
      onClick={[Function]}
    >
      Log out
    </button>
  </div>
  <div
    className="journal__new-entry"
    onClick={[Function]}
  >
    <i
      className="far fa-calendar-plus fa-5x mt-5 pointer"
    />
    <p
      className="mt-5 pointer"
    >
      New entry
    </p>
  </div>
  <div
    className="journal__entries"
  />
</aside>
`;
